<h1>Changelog</h1>
<h2>[1.0.0] - 2025-01-01</h2>
<ul>
  <li>Initial release</li>
</ul>
<h2>[1.1.0] - 2025-02-01</h2>
<ul>
  <li>Added new features</li>
</ul>
