<html>
  <body>
    <header><h1>Header Partial</h1></header>
    <h1>Contact</h1>
    <p>This is the contact page.</p>
    <footer><p>Footer Partial</p></footer>
  </body>
</html>
