<html>
  <body>
    <header>
      <h1>Title from header: Test Post</h1>
    </header>
    <main>
      <h2>Title from template: Test Post</h2>
      <article>
        <p>This is a test post.</p>
        <p>Second paragraph for excerpt.</p>
      </article>
      <footer>Published: 1 January 2024</footer>
    </main>
    <footer>Copyright Test</footer>
  </body>
</html>
