<html>
  <body>
    <header>
      <h1>Title from header: Another Post</h1>
    </header>
    <main>
      <h2>Title from template: Another Post</h2>
      <article>
        <p>This is another test post for generateItemsTask.</p>
        <p>With a second paragraph.</p>
      </article>
      <footer>Published: 2 January 2024</footer>
    </main>
    <footer>Copyright Test</footer>
  </body>
</html>
